// Jest Snapshot v1, https://goo.gl/fbAQLP

exports[`Main component is a Vue instance 1`] = `<!---->`;
